// Jest Snapshot v1, https://goo.gl/fbAQLP

exports[`renders correctly 1`] = `
<Text
  style={
    Array [
      Object {
        "color": "#000",
      },
      Array [
        undefined,
        Object {
          "fontFamily": 'main-font-bold',
        },
      ],
    ]
  }
>
  Snapshot test!
</Text>
`;
